------------------------------------------------------------
Timing Analyzer Summary
------------------------------------------------------------

Type  : Slow 1200mV 85C Model Setup 'clk'
Slack : -4.298
TNS   : -62.360

Type  : Slow 1200mV 85C Model Setup 'stepdown_clk:inst3|clk_out'
Slack : -1.465
TNS   : -9.899

Type  : Slow 1200mV 85C Model Hold 'stepdown_clk:inst3|clk_out'
Slack : 0.361
TNS   : 0.000

Type  : Slow 1200mV 85C Model Hold 'clk'
Slack : 0.734
TNS   : 0.000

Type  : Slow 1200mV 85C Model Minimum Pulse Width 'clk'
Slack : -3.000
TNS   : -40.175

Type  : Slow 1200mV 85C Model Minimum Pulse Width 'stepdown_clk:inst3|clk_out'
Slack : -1.487
TNS   : -11.896

Type  : Slow 1200mV 0C Model Setup 'clk'
Slack : -4.023
TNS   : -55.719

Type  : Slow 1200mV 0C Model Setup 'stepdown_clk:inst3|clk_out'
Slack : -1.286
TNS   : -8.658

Type  : Slow 1200mV 0C Model Hold 'stepdown_clk:inst3|clk_out'
Slack : 0.324
TNS   : 0.000

Type  : Slow 1200mV 0C Model Hold 'clk'
Slack : 0.695
TNS   : 0.000

Type  : Slow 1200mV 0C Model Minimum Pulse Width 'clk'
Slack : -3.000
TNS   : -40.175

Type  : Slow 1200mV 0C Model Minimum Pulse Width 'stepdown_clk:inst3|clk_out'
Slack : -1.487
TNS   : -11.896

Type  : Fast 1200mV 0C Model Setup 'clk'
Slack : -1.096
TNS   : -8.396

Type  : Fast 1200mV 0C Model Setup 'stepdown_clk:inst3|clk_out'
Slack : -0.013
TNS   : -0.013

Type  : Fast 1200mV 0C Model Hold 'stepdown_clk:inst3|clk_out'
Slack : 0.152
TNS   : 0.000

Type  : Fast 1200mV 0C Model Hold 'clk'
Slack : 0.250
TNS   : 0.000

Type  : Fast 1200mV 0C Model Minimum Pulse Width 'clk'
Slack : -3.000
TNS   : -32.213

Type  : Fast 1200mV 0C Model Minimum Pulse Width 'stepdown_clk:inst3|clk_out'
Slack : -1.000
TNS   : -8.000

------------------------------------------------------------
